42 solutions found
(1 + 3) + (4 * 5)
(1 + 3) + (5 * 4)
((1 + 3) * 5) + 4
(1 + (4 * 5)) + 3
1 + ((4 * 5) + 3)
(1 + (5 * 4)) + 3
1 + ((5 * 4) + 3)
(3 + 1) + (4 * 5)
(3 + 1) + (5 * 4)
((3 + 1) * 5) + 4
3 * ((4 - 1) + 5)
(3 + (4 * 5)) + 1
3 + ((4 * 5) + 1)
3 * ((4 + 5) - 1)
3 * ((5 - 1) + 4)
(3 + (5 * 4)) + 1
3 + ((5 * 4) + 1)
(3 + 5) * (4 - 1)
3 * ((5 + 4) - 1)
4 + ((1 + 3) * 5)
(4 - 1) * (3 + 5)
((4 - 1) + 5) * 3
(4 - (1 - 5)) * 3
(4 - 1) * (5 + 3)
4 + ((3 + 1) * 5)
((4 + 5) - 1) * 3
(4 + (5 - 1)) * 3
((4 * 5) + 1) + 3
(4 * 5) + (1 + 3)
((4 * 5) + 3) + 1
(4 * 5) + (3 + 1)
(5 * (1 + 3)) + 4
((5 - 1) + 4) * 3
(5 - (1 - 4)) * 3
(5 * (3 + 1)) + 4
(5 + 3) * (4 - 1)
((5 + 4) - 1) * 3
(5 + (4 - 1)) * 3
((5 * 4) + 1) + 3
(5 * 4) + (1 + 3)
((5 * 4) + 3) + 1
(5 * 4) + (3 + 1)
Execution time = 1729 microseconds
