Kartu : 5 2 3 Q
1 solution found
12 / (3 - (5 / 2))
Execution time = 3 milliseconds
