Kartu : A A A A
no solution found
Execution time = 0 milliseconds
