Kartu : A 3 4 6
1 solution found
6 / (1 - (3 / 4))
