Kartu : A 9 Q 10
16 solutions found
((1 - 9) + 10) * 12
(1 - (9 - 10)) * 12
((1 + 10) - 9) * 12
(1 + (10 - 9)) * 12
((10 + 1) - 9) * 12
(10 + (1 - 9)) * 12
((10 - 9) + 1) * 12
(10 - (9 - 1)) * 12
12 * ((1 - 9) + 10)
12 * (1 - (9 - 10))
12 * (1 + (10 - 9))
12 * ((1 + 10) - 9)
12 * (10 + (1 - 9))
12 * ((10 + 1) - 9)
12 * ((10 - 9) + 1)
12 * (10 - (9 - 1))
Execution time = 1 milliseconds
