Kartu : J 8 7 5
no solution found
Execution time = 0 milliseconds
